[covent-garden-calm-demo.mybigcommerce.com/index.html]
[backblue.gif]
[fade.gif]
[index.html]
[cdn11.bigcommerce.com/s-w3d4ziaaha/stencil/282ab9e0-1112-0137-0bde-23fb93fa4dc9/css/theme-a46b1620-1798-0137-3b82-713a8ea2d633.css]
[cdn11.bigcommerce.com/r-6d3ad06da9906c7b44b28d560a43353105957b49/javascript/jirafe/beacon_api.js]
[covent-garden-calm-demo.mybigcommerce.com/login830b.html]
[covent-garden-calm-demo.mybigcommerce.com/login.html]
[covent-garden-calm-demo.mybigcommerce.com/compare.html]
[covent-garden-calm-demo.mybigcommerce.com/cart.html]
[covent-garden-calm-demo.mybigcommerce.com/deserts/index.html]
[covent-garden-calm-demo.mybigcommerce.com/logind85d.html]
[covent-garden-calm-demo.mybigcommerce.com/juice/index.html]
[covent-garden-calm-demo.mybigcommerce.com/meals/index.html]
[covent-garden-calm-demo.mybigcommerce.com/breakfast/index.html]
[covent-garden-calm-demo.mybigcommerce.com/snacks/index.html]
[cdn11.bigcommerce.com/s-w3d4ziaaha/product_images/theme_images/slide9d4e.jpg]
[covent-garden-calm-demo.mybigcommerce.com/featured/breakfast/index.html]
[covent-garden-calm-demo.mybigcommerce.com/featured/juice/index.html]
[covent-garden-calm-demo.mybigcommerce.com/featured/snacks/index.html]
[covent-garden-calm-demo.mybigcommerce.com/loginded9.html]
[covent-garden-calm-demo.mybigcommerce.com/featured/meals/index.html]
[covent-garden-calm-demo.mybigcommerce.com/tomato-salad/index.html]
[covent-garden-calm-demo.mybigcommerce.com/cart9f1d.html]
[covent-garden-calm-demo.mybigcommerce.com/logind4d3.html]
[covent-garden-calm-demo.mybigcommerce.com/sweet-potato-fries/index.html]
[covent-garden-calm-demo.mybigcommerce.com/cart56c4.html]
[covent-garden-calm-demo.mybigcommerce.com/logina511.html]
[covent-garden-calm-demo.mybigcommerce.com/super-salad/index.html]
[covent-garden-calm-demo.mybigcommerce.com/carta99f.html]
[covent-garden-calm-demo.mybigcommerce.com/super-guacamole/index.html]
[covent-garden-calm-demo.mybigcommerce.com/login86b8.html]
[covent-garden-calm-demo.mybigcommerce.com/cart8dd0.html]
[covent-garden-calm-demo.mybigcommerce.com/protein-flakes/index.html]
[covent-garden-calm-demo.mybigcommerce.com/login989c.html]
[covent-garden-calm-demo.mybigcommerce.com/cart1c4a.html]
[covent-garden-calm-demo.mybigcommerce.com/strawberry-and-yogurt-pots/index.html]
[covent-garden-calm-demo.mybigcommerce.com/login67d3.html]
[covent-garden-calm-demo.mybigcommerce.com/cart4f72.html]
[covent-garden-calm-demo.mybigcommerce.com/spinach-and-free-range-eggs/index.html]
[covent-garden-calm-demo.mybigcommerce.com/loginc25f.html]
[covent-garden-calm-demo.mybigcommerce.com/cart3f7c.html]
[covent-garden-calm-demo.mybigcommerce.com/spelt-loaf/index.html]
[covent-garden-calm-demo.mybigcommerce.com/login945f.html]
[covent-garden-calm-demo.mybigcommerce.com/cart2c97.html]
[covent-garden-calm-demo.mybigcommerce.com/free-range-eggs-on-rye-toast/index.html]
[covent-garden-calm-demo.mybigcommerce.com/logina465.html]
[covent-garden-calm-demo.mybigcommerce.com/cart7f98.html]
[covent-garden-calm-demo.mybigcommerce.com/roasted-beetroot-and-garlic/index.html]
[covent-garden-calm-demo.mybigcommerce.com/login040f.html]
[covent-garden-calm-demo.mybigcommerce.com/cart2b27.html]
[covent-garden-calm-demo.mybigcommerce.com/chickpea-curry/index.html]
[covent-garden-calm-demo.mybigcommerce.com/loginbea6.html]
[covent-garden-calm-demo.mybigcommerce.com/cart871e.html]
[covent-garden-calm-demo.mybigcommerce.com/nutty-granola/index.html]
[covent-garden-calm-demo.mybigcommerce.com/loginb6fd.html]
[covent-garden-calm-demo.mybigcommerce.com/cart431b.html]
[covent-garden-calm-demo.mybigcommerce.com/greek-salad/index.html]
[covent-garden-calm-demo.mybigcommerce.com/login0bc7.html]
[covent-garden-calm-demo.mybigcommerce.com/cartc248.html]
[covent-garden-calm-demo.mybigcommerce.com/login9f79.html]
[covent-garden-calm-demo.mybigcommerce.com/salmon-burger/index.html]
[covent-garden-calm-demo.mybigcommerce.com/cartea78.html]
[covent-garden-calm-demo.mybigcommerce.com/lemon-and-lime-presse/index.html]
[covent-garden-calm-demo.mybigcommerce.com/login6cdc.html]
[covent-garden-calm-demo.mybigcommerce.com/cartad0d.html]
[covent-garden-calm-demo.mybigcommerce.com/pumpkin-and-carrot-soup/index.html]
[covent-garden-calm-demo.mybigcommerce.com/login5ebe.html]
[covent-garden-calm-demo.mybigcommerce.com/cart8749.html]
[covent-garden-calm-demo.mybigcommerce.com/articles/embed-products-into-your-blog-posts/index.html]
[covent-garden-calm-demo.mybigcommerce.com/articles/create-rich-product-guides/index.html]
[covent-garden-calm-demo.mybigcommerce.com/sitemap.html]
[covent-garden-calm-demo.mybigcommerce.com/articles/new-feature-editorial-commerce/index.html]
[covent-garden-calm-demo.mybigcommerce.com/articles/connect-content-with-commerce/index.html]
[covent-garden-calm-demo.mybigcommerce.com/articles/index.html]
[covent-garden-calm-demo.mybigcommerce.com/shipping-returns/index.html]
[covent-garden-calm-demo.mybigcommerce.com/contact-us/index.html]
[cdn11.bigcommerce.com/s-w3d4ziaaha/content/img/newsletter.jpg]
[covent-garden-calm-demo.mybigcommerce.com/rss-syndication/index.html]
[cdn11.bigcommerce.com/s-w3d4ziaaha/stencil/282ab9e0-1112-0137-0bde-23fb93fa4dc9/dist/theme-bundle.main.js]
[covent-garden-calm-demo.mybigcommerce.com/logindda8.html]
[covent-garden-calm-demo.mybigcommerce.com/login479d.html]
[covent-garden-calm-demo.mybigcommerce.com/login8e0b.html]
[covent-garden-calm-demo.mybigcommerce.com/login5df3.html]
[covent-garden-calm-demo.mybigcommerce.com/logind1fa.html]
[covent-garden-calm-demo.mybigcommerce.com/login91d7.html]
[covent-garden-calm-demo.mybigcommerce.com/loginbb46.html]
[covent-garden-calm-demo.mybigcommerce.com/logine921.html]
[covent-garden-calm-demo.mybigcommerce.com/login1273.html]
[covent-garden-calm-demo.mybigcommerce.com/login83b1.html]
[covent-garden-calm-demo.mybigcommerce.com/login5946.html]
[covent-garden-calm-demo.mybigcommerce.com/login41f5.html]
[covent-garden-calm-demo.mybigcommerce.com/loginb320.html]
[covent-garden-calm-demo.mybigcommerce.com/login8311.html]
[covent-garden-calm-demo.mybigcommerce.com/login5485.html]
[covent-garden-calm-demo.mybigcommerce.com/logina61b.html]
[covent-garden-calm-demo.mybigcommerce.com/brands/index.html]
[covent-garden-calm-demo.mybigcommerce.com/checkout.html]
[covent-garden-calm-demo.mybigcommerce.com/pages187d.php]
[cdn11.bigcommerce.com/r-6d3ad06da9906c7b44b28d560a43353105957b49/javascript/visitor_stencil.js]
[covent-garden-calm-demo.mybigcommerce.com/index.html]
[cdn11.bigcommerce.com/s-w3d4ziaaha/stencil/282ab9e0-1112-0137-0bde-23fb93fa4dc9/css/theme-a46b1620-1798-0137-3b82-713a8ea2d633.css]
[covent-garden-calm-demo.mybigcommerce.com/login830b.html]
[covent-garden-calm-demo.mybigcommerce.com/login.html]
[covent-garden-calm-demo.mybigcommerce.com/compare.html]
[covent-garden-calm-demo.mybigcommerce.com/cart.html]
[covent-garden-calm-demo.mybigcommerce.com/deserts/index704e.html]
[covent-garden-calm-demo.mybigcommerce.com/deserts/indexd466.html]
[covent-garden-calm-demo.mybigcommerce.com/login3745.html]
[covent-garden-calm-demo.mybigcommerce.com/deserts/index56ba.html]
[covent-garden-calm-demo.mybigcommerce.com/deserts/index867b.html]
[covent-garden-calm-demo.mybigcommerce.com/deserts/index86e0.html]
[covent-garden-calm-demo.mybigcommerce.com/banana-and-pecan-cake/index.html]
[covent-garden-calm-demo.mybigcommerce.com/cart7caf.html]
[covent-garden-calm-demo.mybigcommerce.com/banana-protein-pancakes/index.html]
[covent-garden-calm-demo.mybigcommerce.com/login8c44.html]
[covent-garden-calm-demo.mybigcommerce.com/cart19b7.html]
[covent-garden-calm-demo.mybigcommerce.com/blood-orange-mojito/index.html]
[covent-garden-calm-demo.mybigcommerce.com/login6046.html]
[covent-garden-calm-demo.mybigcommerce.com/cartdecd.html]
[covent-garden-calm-demo.mybigcommerce.com/caramel-granola/index.html]
[covent-garden-calm-demo.mybigcommerce.com/logine983.html]
[covent-garden-calm-demo.mybigcommerce.com/carteea2.html]
[covent-garden-calm-demo.mybigcommerce.com/figs-and-puffed-rice/index.html]
[covent-garden-calm-demo.mybigcommerce.com/login95c1.html]
[covent-garden-calm-demo.mybigcommerce.com/cart0530.html]
[covent-garden-calm-demo.mybigcommerce.com/protein-waffles/index.html]
[covent-garden-calm-demo.mybigcommerce.com/loginbd1c.html]
[covent-garden-calm-demo.mybigcommerce.com/cart1bd3.html]
[covent-garden-calm-demo.mybigcommerce.com/rolled-oats/index.html]
[covent-garden-calm-demo.mybigcommerce.com/loginf6b5.html]
[covent-garden-calm-demo.mybigcommerce.com/cart11a2.html]
[covent-garden-calm-demo.mybigcommerce.com/deserts/index.html]
[covent-garden-calm-demo.mybigcommerce.com/login410c.html]
[covent-garden-calm-demo.mybigcommerce.com/blueberry-smoothie/index.html]
[covent-garden-calm-demo.mybigcommerce.com/cartf3b6.html]
[covent-garden-calm-demo.mybigcommerce.com/fig-banana-and-almond-milk-smoothie/index.html]
[covent-garden-calm-demo.mybigcommerce.com/loginc286.html]
[covent-garden-calm-demo.mybigcommerce.com/carte3a9.html]
[covent-garden-calm-demo.mybigcommerce.com/lemonade/index.html]
[covent-garden-calm-demo.mybigcommerce.com/loginb035.html]
[covent-garden-calm-demo.mybigcommerce.com/cart8bdb.html]
[covent-garden-calm-demo.mybigcommerce.com/juice/index.html]
[covent-garden-calm-demo.mybigcommerce.com/banana-and-chocolate-chip-porridge/index.html]
[covent-garden-calm-demo.mybigcommerce.com/logindb9f.html]
[covent-garden-calm-demo.mybigcommerce.com/cart52a0.html]
[covent-garden-calm-demo.mybigcommerce.com/blueberry-breakfast-pot/index.html]
[covent-garden-calm-demo.mybigcommerce.com/login6559.html]
[covent-garden-calm-demo.mybigcommerce.com/cart1855.html]
[covent-garden-calm-demo.mybigcommerce.com/loginffc9.html]
[covent-garden-calm-demo.mybigcommerce.com/blueberry-passionfruit-breakfast-pot/index.html]
[covent-garden-calm-demo.mybigcommerce.com/cart99da.html]
[covent-garden-calm-demo.mybigcommerce.com/breakfast/index.html]
[covent-garden-calm-demo.mybigcommerce.com/meals/indexcea5.html]
[covent-garden-calm-demo.mybigcommerce.com/login6e09.html]
[covent-garden-calm-demo.mybigcommerce.com/meals/index8fd4.html]
[covent-garden-calm-demo.mybigcommerce.com/meals/index86e0.html]
[covent-garden-calm-demo.mybigcommerce.com/meals/indexa37c.html]
[covent-garden-calm-demo.mybigcommerce.com/meals/index0753.html]
[covent-garden-calm-demo.mybigcommerce.com/black-peppers/index.html]
[covent-garden-calm-demo.mybigcommerce.com/cartfe9e.html]
[covent-garden-calm-demo.mybigcommerce.com/chicken-burgers/index.html]
[covent-garden-calm-demo.mybigcommerce.com/login01a5.html]
[covent-garden-calm-demo.mybigcommerce.com/cartaca0.html]
[covent-garden-calm-demo.mybigcommerce.com/chicken-salad/index.html]
[covent-garden-calm-demo.mybigcommerce.com/login93ea.html]
[covent-garden-calm-demo.mybigcommerce.com/cart4e1a.html]
[covent-garden-calm-demo.mybigcommerce.com/couscous-salad/index.html]
[covent-garden-calm-demo.mybigcommerce.com/login6844.html]
[covent-garden-calm-demo.mybigcommerce.com/cart8e5f.html]
[covent-garden-calm-demo.mybigcommerce.com/meals/index.html]
[covent-garden-calm-demo.mybigcommerce.com/snacks/index.html]
[covent-garden-calm-demo.mybigcommerce.com/logind85d.html]
[covent-garden-calm-demo.mybigcommerce.com/your-first-blog-post/index.html]
[covent-garden-calm-demo.mybigcommerce.com/featured/breakfast/index.html]
[covent-garden-calm-demo.mybigcommerce.com/featured/index.html]
[covent-garden-calm-demo.mybigcommerce.com/featured/juice/index.html]
[covent-garden-calm-demo.mybigcommerce.com/featured/meals/indexcea5.html]
[covent-garden-calm-demo.mybigcommerce.com/featured/meals/index8fd4.html]
[covent-garden-calm-demo.mybigcommerce.com/featured/meals/index86e0.html]
[covent-garden-calm-demo.mybigcommerce.com/featured/meals/indexa37c.html]
[covent-garden-calm-demo.mybigcommerce.com/featured/meals/index.html]
[covent-garden-calm-demo.mybigcommerce.com/featured/meals/index0753.html]
[covent-garden-calm-demo.mybigcommerce.com/featured/snacks/index704e.html]
[covent-garden-calm-demo.mybigcommerce.com/featured/snacks/index86e0.html]
[covent-garden-calm-demo.mybigcommerce.com/featured/snacks/index.html]
[covent-garden-calm-demo.mybigcommerce.com/featured/snacks/index56ba.html]
[covent-garden-calm-demo.mybigcommerce.com/featured/snacks/indexd466.html]
[covent-garden-calm-demo.mybigcommerce.com/featured/snacks/index867b.html]
[cdn11.bigcommerce.com/s-w3d4ziaaha/products/144/images/468/tomato-salad__45020.1531492181.386.5134847.jpg]
[cdn11.bigcommerce.com/s-w3d4ziaaha/images/stencil/1280x1280/products/144/468/tomato-salad__45020.1531492181a885.jpg]
[covent-garden-calm-demo.mybigcommerce.com/login0f7e.html]
[s7.addthis.com/js/300/addthis_widget.js]
[covent-garden-calm-demo.mybigcommerce.com/tomato-salad/index.html]
[covent-garden-calm-demo.mybigcommerce.com/loginded9.html]
[covent-garden-calm-demo.mybigcommerce.com/cart9f1d.html]
[cdn11.bigcommerce.com/s-w3d4ziaaha/products/143/images/465/sweet-potatoe-fries__10427.1531492145.386.5134847.jpg]
[cdn11.bigcommerce.com/s-w3d4ziaaha/images/stencil/1280x1280/products/143/465/sweet-potatoe-fries__10427.1531492145a885.jpg]
[covent-garden-calm-demo.mybigcommerce.com/login7f24.html]
[covent-garden-calm-demo.mybigcommerce.com/sweet-potato-fries/index.html]
[covent-garden-calm-demo.mybigcommerce.com/logind4d3.html]
[covent-garden-calm-demo.mybigcommerce.com/cart56c4.html]
[cdn11.bigcommerce.com/s-w3d4ziaaha/products/142/images/462/super-salad__15981.1531492115.386.5134847.jpg]
[cdn11.bigcommerce.com/s-w3d4ziaaha/images/stencil/1280x1280/products/142/462/super-salad__15981.1531492115a885.jpg]
[covent-garden-calm-demo.mybigcommerce.com/logind03d.html]
[covent-garden-calm-demo.mybigcommerce.com/super-salad/index.html]
[covent-garden-calm-demo.mybigcommerce.com/logina511.html]
[covent-garden-calm-demo.mybigcommerce.com/carta99f.html]
[cdn11.bigcommerce.com/s-w3d4ziaaha/products/141/images/459/super-guacomole__70762.1531492084.386.5134847.jpg]
[cdn11.bigcommerce.com/s-w3d4ziaaha/images/stencil/1280x1280/products/141/459/super-guacomole__70762.1531492084a885.jpg]
[covent-garden-calm-demo.mybigcommerce.com/login97e5.html]
[covent-garden-calm-demo.mybigcommerce.com/super-guacamole/index.html]
[covent-garden-calm-demo.mybigcommerce.com/login86b8.html]
[covent-garden-calm-demo.mybigcommerce.com/cart8dd0.html]
[cdn11.bigcommerce.com/s-w3d4ziaaha/products/140/images/456/super-corn-flakes__30058.1531492042.386.5134847.jpg]
[cdn11.bigcommerce.com/s-w3d4ziaaha/images/stencil/1280x1280/products/140/456/super-corn-flakes__30058.1531492042a885.jpg]
[covent-garden-calm-demo.mybigcommerce.com/loginb929.html]
[covent-garden-calm-demo.mybigcommerce.com/protein-flakes/index.html]
[covent-garden-calm-demo.mybigcommerce.com/login989c.html]
[covent-garden-calm-demo.mybigcommerce.com/cart1c4a.html]
[cdn11.bigcommerce.com/s-w3d4ziaaha/products/139/images/453/strawberry-breakfast-pots__75890.1531491987.386.5134847.jpg]
[cdn11.bigcommerce.com/s-w3d4ziaaha/images/stencil/1280x1280/products/139/453/strawberry-breakfast-pots__75890.1531491987a885.jpg]
[covent-garden-calm-demo.mybigcommerce.com/login8f73.html]
[covent-garden-calm-demo.mybigcommerce.com/strawberry-and-yogurt-pots/index.html]
[covent-garden-calm-demo.mybigcommerce.com/login67d3.html]
[covent-garden-calm-demo.mybigcommerce.com/cart4f72.html]
[cdn11.bigcommerce.com/s-w3d4ziaaha/products/138/images/450/spinach-and-egg__31402.1531491946.386.5134847.jpg]
[cdn11.bigcommerce.com/s-w3d4ziaaha/images/stencil/1280x1280/products/138/450/spinach-and-egg__31402.1531491946a885.jpg]
[covent-garden-calm-demo.mybigcommerce.com/loginb3bf.html]
[covent-garden-calm-demo.mybigcommerce.com/spinach-and-free-range-eggs/index.html]
[covent-garden-calm-demo.mybigcommerce.com/loginc25f.html]
[covent-garden-calm-demo.mybigcommerce.com/cart3f7c.html]
[cdn11.bigcommerce.com/s-w3d4ziaaha/products/137/images/447/spelt-bread__56358.1531491904.386.5134847.jpg]
[cdn11.bigcommerce.com/s-w3d4ziaaha/images/stencil/1280x1280/products/137/447/spelt-bread__56358.1531491904a885.jpg]
[covent-garden-calm-demo.mybigcommerce.com/login9096.html]
[covent-garden-calm-demo.mybigcommerce.com/spelt-loaf/index.html]
[covent-garden-calm-demo.mybigcommerce.com/login945f.html]
[covent-garden-calm-demo.mybigcommerce.com/cart2c97.html]
[cdn11.bigcommerce.com/s-w3d4ziaaha/products/125/images/413/egg-on-toast__41214.1531491356.386.5134847.jpg]
[cdn11.bigcommerce.com/s-w3d4ziaaha/images/stencil/1280x1280/products/125/413/egg-on-toast__41214.1531491356a885.jpg]
[covent-garden-calm-demo.mybigcommerce.com/login9f7e.html]
[covent-garden-calm-demo.mybigcommerce.com/free-range-eggs-on-rye-toast/index.html]
[covent-garden-calm-demo.mybigcommerce.com/logina465.html]
[covent-garden-calm-demo.mybigcommerce.com/cart7f98.html]
[cdn11.bigcommerce.com/s-w3d4ziaaha/products/134/images/438/roasted-beetroot__45052.1531491786.386.5134847.jpg]
[cdn11.bigcommerce.com/s-w3d4ziaaha/images/stencil/1280x1280/products/134/438/roasted-beetroot__45052.1531491786a885.jpg]
[covent-garden-calm-demo.mybigcommerce.com/login37d9.html]
[covent-garden-calm-demo.mybigcommerce.com/roasted-beetroot-and-garlic/index.html]
[covent-garden-calm-demo.mybigcommerce.com/login040f.html]
[covent-garden-calm-demo.mybigcommerce.com/cart2b27.html]
[cdn11.bigcommerce.com/s-w3d4ziaaha/products/123/images/407/chickpea-curry__01466.1531491182.386.5134847.jpg]
[cdn11.bigcommerce.com/s-w3d4ziaaha/images/stencil/1280x1280/products/123/407/chickpea-curry__01466.1531491182a885.jpg]
[covent-garden-calm-demo.mybigcommerce.com/login5b79.html]
[covent-garden-calm-demo.mybigcommerce.com/chickpea-curry/index.html]
[covent-garden-calm-demo.mybigcommerce.com/loginbea6.html]
[covent-garden-calm-demo.mybigcommerce.com/cart871e.html]
[cdn11.bigcommerce.com/s-w3d4ziaaha/products/131/images/429/nutty-granola__76605.1531491638.386.5134847.jpg]
[cdn11.bigcommerce.com/s-w3d4ziaaha/images/stencil/1280x1280/products/131/429/nutty-granola__76605.1531491638a885.jpg]
[covent-garden-calm-demo.mybigcommerce.com/login25a7.html]
[covent-garden-calm-demo.mybigcommerce.com/nutty-granola/index.html]
[covent-garden-calm-demo.mybigcommerce.com/loginb6fd.html]
[covent-garden-calm-demo.mybigcommerce.com/cart431b.html]
[cdn11.bigcommerce.com/s-w3d4ziaaha/products/128/images/421/greek-salad__08102.1531491511.386.5134847.jpg]
[cdn11.bigcommerce.com/s-w3d4ziaaha/images/stencil/1280x1280/products/128/421/greek-salad__08102.1531491511a885.jpg]
[covent-garden-calm-demo.mybigcommerce.com/login5e02.html]
[covent-garden-calm-demo.mybigcommerce.com/greek-salad/index.html]
[covent-garden-calm-demo.mybigcommerce.com/login0bc7.html]
[covent-garden-calm-demo.mybigcommerce.com/cartc248.html]
[cdn11.bigcommerce.com/s-w3d4ziaaha/products/136/images/444/salmon-burger__54042.1531491869.386.5134847.jpg]
[cdn11.bigcommerce.com/s-w3d4ziaaha/images/stencil/1280x1280/products/136/444/salmon-burger__54042.1531491869a885.jpg]
[covent-garden-calm-demo.mybigcommerce.com/loginf9d0.html]
[covent-garden-calm-demo.mybigcommerce.com/salmon-burger/index.html]
[covent-garden-calm-demo.mybigcommerce.com/login9f79.html]
[covent-garden-calm-demo.mybigcommerce.com/cartea78.html]
[cdn11.bigcommerce.com/s-w3d4ziaaha/products/129/images/424/lemon-and-lime-press__01042.1531491580.386.5134847.jpg]
[cdn11.bigcommerce.com/s-w3d4ziaaha/images/stencil/1280x1280/products/129/424/lemon-and-lime-press__01042.1531491580a885.jpg]
[covent-garden-calm-demo.mybigcommerce.com/login5041.html]
[covent-garden-calm-demo.mybigcommerce.com/lemon-and-lime-presse/index.html]
[covent-garden-calm-demo.mybigcommerce.com/login6cdc.html]
[covent-garden-calm-demo.mybigcommerce.com/cartad0d.html]
[cdn11.bigcommerce.com/s-w3d4ziaaha/products/133/images/435/pumpkin-soup__97045.1531491721.386.5134847.jpg]
[cdn11.bigcommerce.com/s-w3d4ziaaha/images/stencil/1280x1280/products/133/435/pumpkin-soup__97045.1531491721a885.jpg]
[covent-garden-calm-demo.mybigcommerce.com/loginbccd.html]
[covent-garden-calm-demo.mybigcommerce.com/pumpkin-and-carrot-soup/index.html]
[covent-garden-calm-demo.mybigcommerce.com/login5ebe.html]
[covent-garden-calm-demo.mybigcommerce.com/cart8749.html]
[cdn11.bigcommerce.com/s-w3d4ziaaha/product_images/uploaded_images/blog-4.jpg]
[covent-garden-calm-demo.mybigcommerce.com/articles/create-rich-product-guides/index.html]
[cdn11.bigcommerce.com/s-w3d4ziaaha/product_images/uploaded_images/blog-3.jpg]
[covent-garden-calm-demo.mybigcommerce.com/articles/embed-products-into-your-blog-posts/index.html]
[cdn11.bigcommerce.com/s-w3d4ziaaha/product_images/uploaded_images/blog-2.jpg]
[covent-garden-calm-demo.mybigcommerce.com/articles/new-feature-editorial-commerce/index.html]
[cdn11.bigcommerce.com/s-w3d4ziaaha/product_images/uploaded_images/blog-1.jpg]
[covent-garden-calm-demo.mybigcommerce.com/articles/tag/Blog.html]
[covent-garden-calm-demo.mybigcommerce.com/articles/tag/SEO.html]
[covent-garden-calm-demo.mybigcommerce.com/articles/connect-content-with-commerce/index.html]
[covent-garden-calm-demo.mybigcommerce.com/articles/index.html]
[covent-garden-calm-demo.mybigcommerce.com/shipping-returns/index.html]
[covent-garden-calm-demo.mybigcommerce.com/contact-us/index.html]
[covent-garden-calm-demo.mybigcommerce.com/rss-syndication/index.html]
[covent-garden-calm-demo.mybigcommerce.com/sitemap.html]
[covent-garden-calm-demo.mybigcommerce.com/logindda8.html]
[covent-garden-calm-demo.mybigcommerce.com/login479d.html]
[covent-garden-calm-demo.mybigcommerce.com/login8e0b.html]
[covent-garden-calm-demo.mybigcommerce.com/login5df3.html]
[covent-garden-calm-demo.mybigcommerce.com/logind1fa.html]
[covent-garden-calm-demo.mybigcommerce.com/login91d7.html]
[covent-garden-calm-demo.mybigcommerce.com/loginbb46.html]
[covent-garden-calm-demo.mybigcommerce.com/logine921.html]
[covent-garden-calm-demo.mybigcommerce.com/login1273.html]
[covent-garden-calm-demo.mybigcommerce.com/login83b1.html]
[covent-garden-calm-demo.mybigcommerce.com/login5946.html]
[covent-garden-calm-demo.mybigcommerce.com/login41f5.html]
[covent-garden-calm-demo.mybigcommerce.com/loginb320.html]
[covent-garden-calm-demo.mybigcommerce.com/login8311.html]
[covent-garden-calm-demo.mybigcommerce.com/login5485.html]
[covent-garden-calm-demo.mybigcommerce.com/logina61b.html]
[covent-garden-calm-demo.mybigcommerce.com/brands/index.html]
[cdn11.bigcommerce.com/shared/css/open_sans-2c374369d08b2848673ff16370d132489125c335.css]
[cdn11.bigcommerce.com/shared/bower/ng-checkout-stable/dist/css/ng-checkout.min-17f508e83286ead8f8aba5469f81cf3922aafaf4.css]
[cdn11.bigcommerce.com/s-w3d4ziaaha/stencil/282ab9e0-1112-0137-0bde-23fb93fa4dc9/css/optimized-checkout-a46b1620-1798-0137-3b82-713a8ea2d633.css]
[cdn.ravenjs.com/3.26.2/angular/raven.min.js]
[covent-garden-calm-demo.mybigcommerce.com/https_.1c1.delayed]
[covent-garden-calm-demo.mybigcommerce.com/checkout.html]
[covent-garden-calm-demo.mybigcommerce.com/pages187d.html]
[cdn11.bigcommerce.com/shared/bower/ng-checkout-stable/dist/js/ng-checkout.min-4d219ca201af5567d6b9af165556c0e691cfae65.js]
[covent-garden-calm-demo.mybigcommerce.com/deserts/index704e.html]
[cdn11.bigcommerce.com/shared/bower/ng-checkout-stable/dist/js/vendor.min-e42a760249b68b9d13dd2b39b551c2820eb82f57.js]
[covent-garden-calm-demo.mybigcommerce.com/deserts/index86e0.html]
[covent-garden-calm-demo.mybigcommerce.com/deserts/index56ba.html]
[covent-garden-calm-demo.mybigcommerce.com/deserts/indexd466.html]
[covent-garden-calm-demo.mybigcommerce.com/deserts/index867b.html]
[cdn11.bigcommerce.com/s-w3d4ziaaha/products/112/images/376/banana-and-pecan-cake__54448.1531487293.386.5134847.jpg]
[cdn11.bigcommerce.com/s-w3d4ziaaha/images/stencil/1280x1280/products/112/376/banana-and-pecan-cake__54448.1531487293a885.jpg]
[covent-garden-calm-demo.mybigcommerce.com/logincd9d.html]
[covent-garden-calm-demo.mybigcommerce.com/banana-and-pecan-cake/index.html]
[covent-garden-calm-demo.mybigcommerce.com/login3745.html]
[covent-garden-calm-demo.mybigcommerce.com/cart7caf.html]
[cdn11.bigcommerce.com/s-w3d4ziaaha/products/114/images/382/banana-protien-pancakes__65169.1531488495.386.5134847.jpg]
[cdn11.bigcommerce.com/s-w3d4ziaaha/images/stencil/1280x1280/products/114/382/banana-protien-pancakes__65169.1531488495a885.jpg]
[covent-garden-calm-demo.mybigcommerce.com/banana-protein-pancakes/index.html]
[covent-garden-calm-demo.mybigcommerce.com/login8c44.html]
[covent-garden-calm-demo.mybigcommerce.com/login0b77.html]
[covent-garden-calm-demo.mybigcommerce.com/cart19b7.html]
[cdn11.bigcommerce.com/s-w3d4ziaaha/products/116/images/386/blood-orange-mojitos__38011.1531488645.386.5134847.jpg]
[cdn11.bigcommerce.com/s-w3d4ziaaha/images/stencil/1280x1280/products/116/386/blood-orange-mojitos__38011.1531488645a885.jpg]
[covent-garden-calm-demo.mybigcommerce.com/blood-orange-mojito/index.html]
[covent-garden-calm-demo.mybigcommerce.com/login6046.html]
[covent-garden-calm-demo.mybigcommerce.com/logine125.html]
[covent-garden-calm-demo.mybigcommerce.com/cartdecd.html]
[cdn11.bigcommerce.com/s-w3d4ziaaha/products/120/images/398/caramel-granola__75890.1531491042.386.5134847.jpg]
[cdn11.bigcommerce.com/s-w3d4ziaaha/images/stencil/1280x1280/products/120/398/caramel-granola__75890.1531491042a885.jpg]
[covent-garden-calm-demo.mybigcommerce.com/caramel-granola/index.html]
[covent-garden-calm-demo.mybigcommerce.com/logine983.html]
[covent-garden-calm-demo.mybigcommerce.com/login3878.html]
[covent-garden-calm-demo.mybigcommerce.com/carteea2.html]
[cdn11.bigcommerce.com/s-w3d4ziaaha/products/127/images/419/fig-desert__32201.1531491480.386.5134847.jpg]
[cdn11.bigcommerce.com/s-w3d4ziaaha/images/stencil/1280x1280/products/127/419/fig-desert__32201.1531491480a885.jpg]
[covent-garden-calm-demo.mybigcommerce.com/figs-and-puffed-rice/index.html]
[covent-garden-calm-demo.mybigcommerce.com/login95c1.html]
[covent-garden-calm-demo.mybigcommerce.com/loginb046.html]
[covent-garden-calm-demo.mybigcommerce.com/cart0530.html]
[cdn11.bigcommerce.com/s-w3d4ziaaha/products/132/images/432/protein-waffles__42109.1531491673.386.5134847.jpg]
[cdn11.bigcommerce.com/s-w3d4ziaaha/images/stencil/1280x1280/products/132/432/protein-waffles__42109.1531491673a885.jpg]
[covent-garden-calm-demo.mybigcommerce.com/protein-waffles/index.html]
[covent-garden-calm-demo.mybigcommerce.com/loginbd1c.html]
[covent-garden-calm-demo.mybigcommerce.com/logine9b3.html]
[covent-garden-calm-demo.mybigcommerce.com/cart1bd3.html]
[cdn11.bigcommerce.com/s-w3d4ziaaha/products/135/images/441/rolled-oats__30723.1531491821.386.5134847.jpg]
[cdn11.bigcommerce.com/s-w3d4ziaaha/images/stencil/1280x1280/products/135/441/rolled-oats__30723.1531491821a885.jpg]
[covent-garden-calm-demo.mybigcommerce.com/rolled-oats/index.html]
[covent-garden-calm-demo.mybigcommerce.com/loginf6b5.html]
[covent-garden-calm-demo.mybigcommerce.com/login2f9a.html]
[covent-garden-calm-demo.mybigcommerce.com/cart11a2.html]
[cdn11.bigcommerce.com/s-w3d4ziaaha/products/119/images/395/blueberry-smoothie__20673.1531490996.386.5134847.jpg]
[cdn11.bigcommerce.com/s-w3d4ziaaha/images/stencil/1280x1280/products/119/395/blueberry-smoothie__20673.1531490996a885.jpg]
[covent-garden-calm-demo.mybigcommerce.com/blueberry-smoothie/index.html]
[covent-garden-calm-demo.mybigcommerce.com/login410c.html]
[covent-garden-calm-demo.mybigcommerce.com/login2179.html]
[covent-garden-calm-demo.mybigcommerce.com/cartf3b6.html]
[cdn11.bigcommerce.com/s-w3d4ziaaha/products/126/images/416/fig-banana-almond-smoothie__79587.1531491388.386.5134847.jpg]
[cdn11.bigcommerce.com/s-w3d4ziaaha/images/stencil/1280x1280/products/126/416/fig-banana-almond-smoothie__79587.1531491388a885.jpg]
[covent-garden-calm-demo.mybigcommerce.com/fig-banana-and-almond-milk-smoothie/index.html]
[covent-garden-calm-demo.mybigcommerce.com/loginc286.html]
[covent-garden-calm-demo.mybigcommerce.com/login25a5.html]
[covent-garden-calm-demo.mybigcommerce.com/carte3a9.html]
[cdn11.bigcommerce.com/s-w3d4ziaaha/products/130/images/427/lemonade__88312.1531491604.386.5134847.jpg]
[cdn11.bigcommerce.com/s-w3d4ziaaha/images/stencil/1280x1280/products/130/427/lemonade__88312.1531491604a885.jpg]
[covent-garden-calm-demo.mybigcommerce.com/lemonade/index.html]
[covent-garden-calm-demo.mybigcommerce.com/loginb035.html]
[covent-garden-calm-demo.mybigcommerce.com/login95bf.html]
[covent-garden-calm-demo.mybigcommerce.com/cart8bdb.html]
[cdn11.bigcommerce.com/s-w3d4ziaaha/products/113/images/379/banana-choc-chip-porridge__75413.1531488420.386.5134847.jpg]
[cdn11.bigcommerce.com/s-w3d4ziaaha/images/stencil/1280x1280/products/113/379/banana-choc-chip-porridge__75413.1531488420a885.jpg]
[covent-garden-calm-demo.mybigcommerce.com/banana-and-chocolate-chip-porridge/index.html]
[covent-garden-calm-demo.mybigcommerce.com/logindb9f.html]
[covent-garden-calm-demo.mybigcommerce.com/login13f5.html]
[covent-garden-calm-demo.mybigcommerce.com/cart52a0.html]
[cdn11.bigcommerce.com/s-w3d4ziaaha/products/117/images/389/blueberry-breakfast-pot__16665.1531488680.386.5134847.jpg]
[cdn11.bigcommerce.com/s-w3d4ziaaha/images/stencil/1280x1280/products/117/389/blueberry-breakfast-pot__16665.1531488680a885.jpg]
[covent-garden-calm-demo.mybigcommerce.com/blueberry-breakfast-pot/index.html]
[covent-garden-calm-demo.mybigcommerce.com/login6559.html]
[covent-garden-calm-demo.mybigcommerce.com/login081a.html]
[covent-garden-calm-demo.mybigcommerce.com/cart1855.html]
[cdn11.bigcommerce.com/s-w3d4ziaaha/products/118/images/393/blueberry-passionfruit-desert-pots__94183.1531490748.386.5134847.jpg]
[cdn11.bigcommerce.com/s-w3d4ziaaha/images/stencil/1280x1280/products/118/393/blueberry-passionfruit-desert-pots__94183.1531490748a885.jpg]
[covent-garden-calm-demo.mybigcommerce.com/blueberry-passionfruit-breakfast-pot/index.html]
[covent-garden-calm-demo.mybigcommerce.com/loginffc9.html]
[covent-garden-calm-demo.mybigcommerce.com/logina451.html]
[covent-garden-calm-demo.mybigcommerce.com/cart99da.html]
[covent-garden-calm-demo.mybigcommerce.com/meals/indexcea5.html]
[covent-garden-calm-demo.mybigcommerce.com/meals/index8fd4.html]
[covent-garden-calm-demo.mybigcommerce.com/meals/index86e0.html]
[covent-garden-calm-demo.mybigcommerce.com/meals/indexa37c.html]
[covent-garden-calm-demo.mybigcommerce.com/meals/index0753.html]
[cdn11.bigcommerce.com/s-w3d4ziaaha/products/115/images/384/black-peppers__67637.1531488571.386.5134847.jpg]
[cdn11.bigcommerce.com/s-w3d4ziaaha/images/stencil/1280x1280/products/115/384/black-peppers__67637.1531488571a885.jpg]
[covent-garden-calm-demo.mybigcommerce.com/black-peppers/index.html]
[covent-garden-calm-demo.mybigcommerce.com/login6e09.html]
[covent-garden-calm-demo.mybigcommerce.com/login3099.html]
[covent-garden-calm-demo.mybigcommerce.com/cartfe9e.html]
[cdn11.bigcommerce.com/s-w3d4ziaaha/products/121/images/401/chicken-burger__61589.1531491093.386.5134847.jpg]
[cdn11.bigcommerce.com/s-w3d4ziaaha/images/stencil/1280x1280/products/121/401/chicken-burger__61589.1531491093a885.jpg]
[covent-garden-calm-demo.mybigcommerce.com/chicken-burgers/index.html]
[covent-garden-calm-demo.mybigcommerce.com/login01a5.html]
[covent-garden-calm-demo.mybigcommerce.com/logina1fb.html]
[covent-garden-calm-demo.mybigcommerce.com/cartaca0.html]
[cdn11.bigcommerce.com/s-w3d4ziaaha/products/122/images/404/chicken-salad__78278.1531491139.386.5134847.jpg]
[cdn11.bigcommerce.com/s-w3d4ziaaha/images/stencil/1280x1280/products/122/404/chicken-salad__78278.1531491139a885.jpg]
[covent-garden-calm-demo.mybigcommerce.com/chicken-salad/index.html]
[covent-garden-calm-demo.mybigcommerce.com/login93ea.html]
[covent-garden-calm-demo.mybigcommerce.com/login0df6.html]
[covent-garden-calm-demo.mybigcommerce.com/cart4e1a.html]
[cdn11.bigcommerce.com/s-w3d4ziaaha/products/124/images/410/couscous-salad__87452.1531491308.386.5134847.jpg]
[cdn11.bigcommerce.com/s-w3d4ziaaha/images/stencil/1280x1280/products/124/410/couscous-salad__87452.1531491308a885.jpg]
[covent-garden-calm-demo.mybigcommerce.com/couscous-salad/index.html]
[covent-garden-calm-demo.mybigcommerce.com/login6844.html]
[covent-garden-calm-demo.mybigcommerce.com/loginb696.html]
[covent-garden-calm-demo.mybigcommerce.com/cart8e5f.html]
[covent-garden-calm-demo.mybigcommerce.com/featured/index.html]
[covent-garden-calm-demo.mybigcommerce.com/featured/indexcea5.html]
[covent-garden-calm-demo.mybigcommerce.com/featured/indexf1d4.html]
[covent-garden-calm-demo.mybigcommerce.com/featured/indexa37c.html]
[covent-garden-calm-demo.mybigcommerce.com/featured/index2a1d.html]
[covent-garden-calm-demo.mybigcommerce.com/featured/index77e3.html]
[covent-garden-calm-demo.mybigcommerce.com/featured/meals/indexcea5.html]
[covent-garden-calm-demo.mybigcommerce.com/featured/meals/index8fd4.html]
[covent-garden-calm-demo.mybigcommerce.com/featured/meals/index86e0.html]
[covent-garden-calm-demo.mybigcommerce.com/featured/meals/indexa37c.html]
[covent-garden-calm-demo.mybigcommerce.com/featured/meals/index0753.html]
[covent-garden-calm-demo.mybigcommerce.com/featured/snacks/index704e.html]
[covent-garden-calm-demo.mybigcommerce.com/featured/snacks/index86e0.html]
[covent-garden-calm-demo.mybigcommerce.com/featured/snacks/index56ba.html]
[covent-garden-calm-demo.mybigcommerce.com/featured/snacks/indexd466.html]
[covent-garden-calm-demo.mybigcommerce.com/featured/snacks/index867b.html]
[covent-garden-calm-demo.mybigcommerce.com/featured/index867b.html]
[covent-garden-calm-demo.mybigcommerce.com/login0f7e.html]
[covent-garden-calm-demo.mybigcommerce.com/login7f24.html]
[covent-garden-calm-demo.mybigcommerce.com/logind03d.html]
[covent-garden-calm-demo.mybigcommerce.com/login97e5.html]
[covent-garden-calm-demo.mybigcommerce.com/loginb929.html]
[covent-garden-calm-demo.mybigcommerce.com/login8f73.html]
[covent-garden-calm-demo.mybigcommerce.com/loginb3bf.html]
[covent-garden-calm-demo.mybigcommerce.com/login9096.html]
[covent-garden-calm-demo.mybigcommerce.com/login9f7e.html]
[covent-garden-calm-demo.mybigcommerce.com/login37d9.html]
[covent-garden-calm-demo.mybigcommerce.com/login5b79.html]
[covent-garden-calm-demo.mybigcommerce.com/login25a7.html]
[covent-garden-calm-demo.mybigcommerce.com/login5e02.html]
[covent-garden-calm-demo.mybigcommerce.com/loginf9d0.html]
[covent-garden-calm-demo.mybigcommerce.com/login5041.html]
[covent-garden-calm-demo.mybigcommerce.com/loginbccd.html]
[covent-garden-calm-demo.mybigcommerce.com/articles/tag/Blog.html]
[covent-garden-calm-demo.mybigcommerce.com/articles/tag/SEO.html]
[covent-garden-calm-demo.mybigcommerce.com/featured/indexa03f.html]
[covent-garden-calm-demo.mybigcommerce.com/featured/index1bb6.html]
[cdn11.bigcommerce.com/shared/css/fonts/open_sans/DXI1ORHCpsQm3Vp6mXoaTXhCUOGz7vYGh680lGh-uXM.woff]
[cdn11.bigcommerce.com/shared/css/fonts/open_sans/cJZKeOuBrn4kERxqtaUH3T8E0i7KZn-EPnyo3HZu7kw.woff]
[cdn11.bigcommerce.com/shared/css/fonts/open_sans/MTP_ySUJH_bn48VBG8sNSnhCUOGz7vYGh680lGh-uXM.woff]
[cdn11.bigcommerce.com/shared/css/fonts/open_sans/k3k702ZOKiLJc3WVjuplzHhCUOGz7vYGh680lGh-uXM.woff]
[cdn11.bigcommerce.com/shared/css/fonts/open_sans/EInbV5DfGHOiMmvb1Xr-hnhCUOGz7vYGh680lGh-uXM.woff]
[cdn11.bigcommerce.com/shared/css/fonts/open_sans/DXI1ORHCpsQm3Vp6mXoaTQ7aC6SjiAOpAWOKfJDfVRY.woff2]
[cdn11.bigcommerce.com/shared/css/fonts/open_sans/DXI1ORHCpsQm3Vp6mXoaTRdwxCXfZpKo5kWAx_74bHs.woff2]
[cdn11.bigcommerce.com/shared/css/fonts/open_sans/DXI1ORHCpsQm3Vp6mXoaTZ6vnaPZw6nYDxM4SVEMFKg.woff2]
[cdn11.bigcommerce.com/shared/css/fonts/open_sans/DXI1ORHCpsQm3Vp6mXoaTfy1_HTwRwgtl1cPga3Fy3Y.woff2]
[cdn11.bigcommerce.com/shared/css/fonts/open_sans/DXI1ORHCpsQm3Vp6mXoaTfgrLsWo7Jk1KvZser0olKY.woff2]
[cdn11.bigcommerce.com/shared/css/fonts/open_sans/DXI1ORHCpsQm3Vp6mXoaTYjoYw3YTyktCCer_ilOlhE.woff2]
[cdn11.bigcommerce.com/shared/css/fonts/open_sans/DXI1ORHCpsQm3Vp6mXoaTRampu5_7CjHW5spxoeN3Vs.woff2]
[cdn11.bigcommerce.com/shared/css/fonts/open_sans/K88pR3goAWT7BTt32Z01m4X0hVgzZQUfRDuZrPvH3D8.woff2]
[cdn11.bigcommerce.com/shared/css/fonts/open_sans/RjgO7rYTmqiVp7vzi-Q5UYX0hVgzZQUfRDuZrPvH3D8.woff2]
[cdn11.bigcommerce.com/shared/css/fonts/open_sans/LWCjsQkB6EMdfHrEVqA1KYX0hVgzZQUfRDuZrPvH3D8.woff2]
[cdn11.bigcommerce.com/shared/css/fonts/open_sans/xozscpT2726on7jbcb_pAoX0hVgzZQUfRDuZrPvH3D8.woff2]
[cdn11.bigcommerce.com/shared/css/fonts/open_sans/59ZRklaO5bWGqF5A9baEEYX0hVgzZQUfRDuZrPvH3D8.woff2]
[cdn11.bigcommerce.com/shared/css/fonts/open_sans/u-WUoqrET9fUeobQW7jkRYX0hVgzZQUfRDuZrPvH3D8.woff2]
[cdn11.bigcommerce.com/shared/css/fonts/open_sans/cJZKeOuBrn4kERxqtaUH3ZBw1xU1rKptJj_0jans920.woff2]
[cdn11.bigcommerce.com/shared/css/fonts/open_sans/MTP_ySUJH_bn48VBG8sNSg7aC6SjiAOpAWOKfJDfVRY.woff2]
[cdn11.bigcommerce.com/shared/css/fonts/open_sans/MTP_ySUJH_bn48VBG8sNShdwxCXfZpKo5kWAx_74bHs.woff2]
[cdn11.bigcommerce.com/shared/css/fonts/open_sans/MTP_ySUJH_bn48VBG8sNSp6vnaPZw6nYDxM4SVEMFKg.woff2]
[cdn11.bigcommerce.com/shared/css/fonts/open_sans/MTP_ySUJH_bn48VBG8sNSvy1_HTwRwgtl1cPga3Fy3Y.woff2]
[cdn11.bigcommerce.com/shared/css/fonts/open_sans/MTP_ySUJH_bn48VBG8sNSvgrLsWo7Jk1KvZser0olKY.woff2]
[cdn11.bigcommerce.com/shared/css/fonts/open_sans/MTP_ySUJH_bn48VBG8sNSojoYw3YTyktCCer_ilOlhE.woff2]
[cdn11.bigcommerce.com/shared/css/fonts/open_sans/MTP_ySUJH_bn48VBG8sNShampu5_7CjHW5spxoeN3Vs.woff2]
[cdn11.bigcommerce.com/shared/css/fonts/open_sans/k3k702ZOKiLJc3WVjuplzA7aC6SjiAOpAWOKfJDfVRY.woff2]
[cdn11.bigcommerce.com/shared/css/fonts/open_sans/k3k702ZOKiLJc3WVjuplzBdwxCXfZpKo5kWAx_74bHs.woff2]
[cdn11.bigcommerce.com/shared/css/fonts/open_sans/k3k702ZOKiLJc3WVjuplzJ6vnaPZw6nYDxM4SVEMFKg.woff2]
[cdn11.bigcommerce.com/shared/css/fonts/open_sans/k3k702ZOKiLJc3WVjuplzPy1_HTwRwgtl1cPga3Fy3Y.woff2]
[cdn11.bigcommerce.com/shared/css/fonts/open_sans/k3k702ZOKiLJc3WVjuplzPgrLsWo7Jk1KvZser0olKY.woff2]
[cdn11.bigcommerce.com/shared/css/fonts/open_sans/k3k702ZOKiLJc3WVjuplzIjoYw3YTyktCCer_ilOlhE.woff2]
[cdn11.bigcommerce.com/shared/css/fonts/open_sans/k3k702ZOKiLJc3WVjuplzBampu5_7CjHW5spxoeN3Vs.woff2]
[cdn11.bigcommerce.com/shared/css/fonts/open_sans/EInbV5DfGHOiMmvb1Xr-hg7aC6SjiAOpAWOKfJDfVRY.woff2]
[cdn11.bigcommerce.com/shared/css/fonts/open_sans/EInbV5DfGHOiMmvb1Xr-hhdwxCXfZpKo5kWAx_74bHs.woff2]
[cdn11.bigcommerce.com/shared/css/fonts/open_sans/EInbV5DfGHOiMmvb1Xr-hp6vnaPZw6nYDxM4SVEMFKg.woff2]
[cdn11.bigcommerce.com/shared/css/fonts/open_sans/EInbV5DfGHOiMmvb1Xr-hvy1_HTwRwgtl1cPga3Fy3Y.woff2]
[cdn11.bigcommerce.com/shared/css/fonts/open_sans/EInbV5DfGHOiMmvb1Xr-hvgrLsWo7Jk1KvZser0olKY.woff2]
[cdn11.bigcommerce.com/shared/css/fonts/open_sans/EInbV5DfGHOiMmvb1Xr-hojoYw3YTyktCCer_ilOlhE.woff2]
[cdn11.bigcommerce.com/shared/css/fonts/open_sans/EInbV5DfGHOiMmvb1Xr-hhampu5_7CjHW5spxoeN3Vs.woff2]
[cdn11.bigcommerce.com/shared/css/open_sans-2c374369d08b2848673ff16370d132489125c335.css]
[cdn11.bigcommerce.com/shared/bower/ng-checkout-stable/dist/img/powered_by_google_on_white.png]
[cdn11.bigcommerce.com/shared/bower/ng-checkout-stable/dist/css/ng-checkout.min-17f508e83286ead8f8aba5469f81cf3922aafaf4.css]
[cdn11.bigcommerce.com/s-w3d4ziaaha/stencil/282ab9e0-1112-0137-0bde-23fb93fa4dc9/css/optimized-checkout-a46b1620-1798-0137-3b82-713a8ea2d633.css]
[covent-garden-calm-demo.mybigcommerce.com/https_.html]
[covent-garden-calm-demo.mybigcommerce.com/logincd9d.html]
[covent-garden-calm-demo.mybigcommerce.com/login0b77.html]
[covent-garden-calm-demo.mybigcommerce.com/logine125.html]
[covent-garden-calm-demo.mybigcommerce.com/login3878.html]
[covent-garden-calm-demo.mybigcommerce.com/loginb046.html]
[covent-garden-calm-demo.mybigcommerce.com/logine9b3.html]
[covent-garden-calm-demo.mybigcommerce.com/login2f9a.html]
[covent-garden-calm-demo.mybigcommerce.com/login2179.html]
[covent-garden-calm-demo.mybigcommerce.com/login25a5.html]
[covent-garden-calm-demo.mybigcommerce.com/login95bf.html]
[covent-garden-calm-demo.mybigcommerce.com/login13f5.html]
[covent-garden-calm-demo.mybigcommerce.com/login081a.html]
[covent-garden-calm-demo.mybigcommerce.com/logina451.html]
[covent-garden-calm-demo.mybigcommerce.com/login3099.html]
[covent-garden-calm-demo.mybigcommerce.com/logina1fb.html]
[covent-garden-calm-demo.mybigcommerce.com/login0df6.html]
[covent-garden-calm-demo.mybigcommerce.com/loginb696.html]
[covent-garden-calm-demo.mybigcommerce.com/featured/indexf1d4.html]
[covent-garden-calm-demo.mybigcommerce.com/featured/indexcea5.html]
[covent-garden-calm-demo.mybigcommerce.com/featured/index2a1d.html]
[covent-garden-calm-demo.mybigcommerce.com/featured/indexa37c.html]
[covent-garden-calm-demo.mybigcommerce.com/featured/index77e3.html]
[covent-garden-calm-demo.mybigcommerce.com/featured/index867b.html]
[covent-garden-calm-demo.mybigcommerce.com/featured/indexa03f.html]
[covent-garden-calm-demo.mybigcommerce.com/featured/index1bb6.html]
[cdn11.bigcommerce.com/shared/css/fonts/open_sans/RjgO7rYTmqiVp7vzi-Q5UYX0hVgzZQUfRDuZrPvH3D8.html]
[cdn11.bigcommerce.com/shared/css/fonts/open_sans/xozscpT2726on7jbcb_pAoX0hVgzZQUfRDuZrPvH3D8.html]
[cdn11.bigcommerce.com/shared/css/fonts/open_sans/59ZRklaO5bWGqF5A9baEEYX0hVgzZQUfRDuZrPvH3D8.html]
[cdn11.bigcommerce.com/shared/css/fonts/open_sans/u-WUoqrET9fUeobQW7jkRYX0hVgzZQUfRDuZrPvH3D8.html]
[covent-garden-calm-demo.mybigcommerce.com/featured/index4658.html]
[covent-garden-calm-demo.mybigcommerce.com/featured/index4658.html]
